Release 14.7 - xst P.20131013 (nt64)
Copyright (c) 1995-2013 Xilinx, Inc.  All rights reserved.
--> Parameter TMPDIR set to xst/projnav.tmp


Total REAL time to Xst completion: 0.00 secs
Total CPU time to Xst completion: 0.09 secs
 
--> Parameter xsthdpdir set to xst


Total REAL time to Xst completion: 0.00 secs
Total CPU time to Xst completion: 0.09 secs
 
--> Reading design: WatteringSystem.prj

TABLE OF CONTENTS
  1) Synthesis Options Summary
  2) HDL Parsing
  3) HDL Elaboration
  4) HDL Synthesis
       4.1) HDL Synthesis Report
  5) Advanced HDL Synthesis
       5.1) Advanced HDL Synthesis Report
  6) Low Level Synthesis
  7) Partition Report
  8) Design Summary
       8.1) Primitive and Black Box Usage
       8.2) Device utilization summary
       8.3) Partition Resource Summary
       8.4) Timing Report
            8.4.1) Clock Information
            8.4.2) Asynchronous Control Signals Information
            8.4.3) Timing Summary
            8.4.4) Timing Details
            8.4.5) Cross Clock Domains Report


=========================================================================
*                      Synthesis Options Summary                        *
=========================================================================
---- Source Parameters
Input File Name                    : "WatteringSystem.prj"
Ignore Synthesis Constraint File   : NO

---- Target Parameters
Output File Name                   : "WatteringSystem"
Output Format                      : NGC
Target Device                      : xa7a100t-2I-csg324

---- Source Options
Top Module Name                    : WatteringSystem
Automatic FSM Extraction           : YES
FSM Encoding Algorithm             : Auto
Safe Implementation                : No
FSM Style                          : LUT
RAM Extraction                     : Yes
RAM Style                          : Auto
ROM Extraction                     : Yes
Shift Register Extraction          : YES
ROM Style                          : Auto
Resource Sharing                   : YES
Asynchronous To Synchronous        : NO
Shift Register Minimum Size        : 2
Use DSP Block                      : Auto
Automatic Register Balancing       : No

---- Target Options
LUT Combining                      : Auto
Reduce Control Sets                : Auto
Add IO Buffers                     : YES
Global Maximum Fanout              : 100000
Add Generic Clock Buffer(BUFG)     : 32
Register Duplication               : YES
Optimize Instantiated Primitives   : NO
Use Clock Enable                   : Auto
Use Synchronous Set                : Auto
Use Synchronous Reset              : Auto
Pack IO Registers into IOBs        : Auto
Equivalent register Removal        : YES

---- General Options
Optimization Goal                  : Speed
Optimization Effort                : 1
Power Reduction                    : NO
Keep Hierarchy                     : No
Netlist Hierarchy                  : As_Optimized
RTL Output                         : Yes
Global Optimization                : AllClockNets
Read Cores                         : YES
Write Timing Constraints           : NO
Cross Clock Analysis               : NO
Hierarchy Separator                : /
Bus Delimiter                      : <>
Case Specifier                     : Maintain
Slice Utilization Ratio            : 100
BRAM Utilization Ratio             : 100
DSP48 Utilization Ratio            : 100
Auto BRAM Packing                  : NO
Slice Utilization Ratio Delta      : 5

=========================================================================


=========================================================================
*                          HDL Parsing                                  *
=========================================================================
Parsing VHDL file "D:\University\FPGA amiri\VHDL exmaples\WatteringSystem\FSM.vhd" into library work
Parsing entity <FSM>.
Parsing architecture <Behavioral> of entity <fsm>.
Parsing VHDL file "D:\University\FPGA amiri\VHDL exmaples\WatteringSystem\BCD2SevSeg.vhd" into library work
Parsing entity <BCD2SevSeg>.
Parsing architecture <Behavioral> of entity <bcd2sevseg>.
Parsing VHDL file "D:\University\FPGA amiri\VHDL exmaples\WatteringSystem\WatteringSystem.vhd" into library work
Parsing entity <WatteringSystem>.
Parsing architecture <Behavioral> of entity <watteringsystem>.

=========================================================================
*                            HDL Elaboration                            *
=========================================================================

Elaborating entity <WatteringSystem> (architecture <Behavioral>) from library <work>.

Elaborating entity <FSM> (architecture <Behavioral>) from library <work>.
INFO:HDLCompiler:679 - "D:\University\FPGA amiri\VHDL exmaples\WatteringSystem\FSM.vhd" Line 54. Case statement is complete. others clause is never selected

Elaborating entity <BCD2SevSeg> (architecture <Behavioral>) from library <work>.

=========================================================================
*                           HDL Synthesis                               *
=========================================================================

Synthesizing Unit <WatteringSystem>.
    Related source file is "D:\University\FPGA amiri\VHDL exmaples\WatteringSystem\WatteringSystem.vhd".
    Summary:
	no macro.
Unit <WatteringSystem> synthesized.

Synthesizing Unit <FSM>.
    Related source file is "D:\University\FPGA amiri\VHDL exmaples\WatteringSystem\FSM.vhd".
    Found 1-bit register for signal <p_s>.
WARNING:Xst:737 - Found 1-bit latch for signal <n_s>. Latches may be generated from incomplete case or if statements. We do not recommend the use of latches in FPGA/CPLD designs, as they may lead to timing problems.
    Found 3-bit comparator greater for signal <GND_4_o_M[2]_LessThan_1_o> created at line 35
    Found 3-bit comparator greater for signal <GND_4_o_M[2]_LessThan_2_o> created at line 37
    Found 3-bit comparator greater for signal <M[2]_PWR_4_o_LessThan_5_o> created at line 45
    Found 3-bit comparator greater for signal <M[2]_GND_4_o_LessThan_6_o> created at line 47
    Summary:
	inferred   1 D-type flip-flop(s).
	inferred   1 Latch(s).
	inferred   4 Comparator(s).
	inferred   4 Multiplexer(s).
Unit <FSM> synthesized.

Synthesizing Unit <BCD2SevSeg>.
    Related source file is "D:\University\FPGA amiri\VHDL exmaples\WatteringSystem\BCD2SevSeg.vhd".
WARNING:Xst:737 - Found 1-bit latch for signal <SevenSeg<5>>. Latches may be generated from incomplete case or if statements. We do not recommend the use of latches in FPGA/CPLD designs, as they may lead to timing problems.
WARNING:Xst:737 - Found 1-bit latch for signal <SevenSeg<0>>. Latches may be generated from incomplete case or if statements. We do not recommend the use of latches in FPGA/CPLD designs, as they may lead to timing problems.
    Summary:
	inferred   2 Latch(s).
Unit <BCD2SevSeg> synthesized.

=========================================================================
HDL Synthesis Report

Macro Statistics
# Registers                                            : 1
 1-bit register                                        : 1
# Latches                                              : 3
 1-bit latch                                           : 3
# Comparators                                          : 4
 3-bit comparator greater                              : 4
# Multiplexers                                         : 4
 1-bit 2-to-1 multiplexer                              : 4

=========================================================================

=========================================================================
*                       Advanced HDL Synthesis                          *
=========================================================================

WARNING:Xst - The specified part-type was not generated at build time. XST is loading the full part-type and will therefore consume more CPU and memory.
Loading device for application Rf_Device from file '7a100t.nph' in environment D:\install\xilinx\14.7\ISE_DS\ISE\.
Loading device for application Rf_Device from file '7a100t.nph' in environment D:\install\xilinx\14.7\ISE_DS\ISE\.

=========================================================================
Advanced HDL Synthesis Report

Macro Statistics
# Registers                                            : 1
 Flip-Flops                                            : 1
# Comparators                                          : 4
 3-bit comparator greater                              : 4
# Multiplexers                                         : 4
 1-bit 2-to-1 multiplexer                              : 4

=========================================================================

=========================================================================
*                         Low Level Synthesis                           *
=========================================================================
WARNING:Xst:3001 - This design contains one or more registers or latches with an active
   asynchronous set and asynchronous reset. While this circuit can be built,
   it creates a sub-optimal implementation in terms of area, power and
   performance. For a more optimal implementation Xilinx highly recommends
   one of the following:

          1) Remove either the set or reset from all registers and latches if
             not needed for required functionality
          2) Modify the code in order to produce a synchronous set
             and/or reset (both is preferred)
          3) Use the -async_to_sync option to transform the asynchronous
             set/reset to synchronous operation
             (timing simulation highly recommended when using this option)

  Please refer to http://www.xilinx.com search string "Automotive Artix7 asynchronous set/reset" for more details.

  List of register instances with asynchronous set and reset:
    Inst_BCD2SevSeg/SevenSeg_5 in unit <WatteringSystem>
    Inst_BCD2SevSeg/SevenSeg_0 in unit <WatteringSystem>


Optimizing unit <WatteringSystem> ...

Optimizing unit <FSM> ...
WARNING:Xst:1294 - Latch <n_s> is equivalent to a wire in block <FSM>.
WARNING:Xst:1294 - Latch <n_s> is equivalent to a wire in block <FSM>.

Mapping all equations...
Building and optimizing final netlist ...
Found area constraint ratio of 100 (+ 5) on block WatteringSystem, actual ratio is 0.
Latch Inst_BCD2SevSeg/SevenSeg_5 has been replicated 3 time(s) to handle iob=true attribute.

Final Macro Processing ...

=========================================================================
Final Register Report

Macro Statistics
# Registers                                            : 1
 Flip-Flops                                            : 1

=========================================================================

=========================================================================
*                           Partition Report                            *
=========================================================================

Partition Implementation Status
-------------------------------

  No Partitions were found in this design.

-------------------------------

=========================================================================
*                            Design Summary                             *
=========================================================================

Top Level Output File Name         : WatteringSystem.ngc

Primitive and Black Box Usage:
------------------------------
# BELS                             : 4
#      GND                         : 1
#      INV                         : 1
#      LUT6                        : 1
#      VCC                         : 1
# FlipFlops/Latches                : 6
#      FDR                         : 1
#      LD                          : 5
# Clock Buffers                    : 1
#      BUFGP                       : 1
# IO Buffers                       : 19
#      IBUF                        : 6
#      OBUF                        : 13

Device utilization summary:
---------------------------

Selected Device : xa7a100tcsg324-2i 


Slice Logic Utilization: 
 Number of Slice Registers:               1  out of  126800     0%  
 Number of Slice LUTs:                    2  out of  63400     0%  
    Number used as Logic:                 2  out of  63400     0%  

Slice Logic Distribution: 
 Number of LUT Flip Flop pairs used:      3
   Number with an unused Flip Flop:       2  out of      3    66%  
   Number with an unused LUT:             1  out of      3    33%  
   Number of fully used LUT-FF pairs:     0  out of      3     0%  
   Number of unique control sets:         2

IO Utilization: 
 Number of IOs:                          20
 Number of bonded IOBs:                  20  out of    210     9%  
    IOB Flip Flops/Latches:               5

Specific Feature Utilization:
 Number of BUFG/BUFGCTRLs:                1  out of     32     3%  

---------------------------
Partition Resource Summary:
---------------------------

  No Partitions were found in this design.

---------------------------


=========================================================================
Timing Report

NOTE: THESE TIMING NUMBERS ARE ONLY A SYNTHESIS ESTIMATE.
      FOR ACCURATE TIMING INFORMATION PLEASE REFER TO THE TRACE REPORT
      GENERATED AFTER PLACE-and-ROUTE.

Clock Information:
------------------
-----------------------------------+---------------------------------+-------+
Clock Signal                       | Clock buffer(FF name)           | Load  |
-----------------------------------+---------------------------------+-------+
clk                                | BUFGP                           | 1     |
N1                                 | NONE(Inst_BCD2SevSeg/SevenSeg_0)| 5     |
-----------------------------------+---------------------------------+-------+
INFO:Xst:2169 - HDL ADVISOR - Some clock signals were not automatically buffered by XST with BUFG/BUFR resources. Please use the buffer_type constraint in order to insert these buffers to the clock signals to help prevent skew problems.

Asynchronous Control Signals Information:
----------------------------------------
No asynchronous control signals found in this design

Timing Summary:
---------------
Speed Grade: -2

   Minimum period: 0.855ns (Maximum Frequency: 1169.385MHz)
   Minimum input arrival time before clock: 0.864ns
   Maximum output required time after clock: 0.734ns
   Maximum combinational path delay: 0.345ns

Timing Details:
---------------
All values displayed in nanoseconds (ns)

=========================================================================
Timing constraint: Default period analysis for Clock 'clk'
  Clock period: 0.855ns (frequency: 1169.385MHz)
  Total number of paths / destination ports: 1 / 1
-------------------------------------------------------------------------
Delay:               0.855ns (Levels of Logic = 1)
  Source:            Inst_FSM/p_s (FF)
  Destination:       Inst_FSM/p_s (FF)
  Source Clock:      clk rising
  Destination Clock: clk rising

  Data Path: Inst_FSM/p_s to Inst_FSM/p_s
                                Gate     Net
    Cell:in->out      fanout   Delay   Delay  Logical Name (Net Name)
    ----------------------------------------  ------------
     FDR:C->Q              7   0.361   0.389  Inst_FSM/p_s (Inst_FSM/p_s)
     LUT6:I5->O            1   0.097   0.000  Inst_FSM/Mmux_n_s_n_s_MUX_18_o11 (Inst_FSM/n_s)
     FDR:D                     0.008          Inst_FSM/p_s
    ----------------------------------------
    Total                      0.855ns (0.466ns logic, 0.389ns route)
                                       (54.5% logic, 45.5% route)

=========================================================================
Timing constraint: Default OFFSET IN BEFORE for Clock 'clk'
  Total number of paths / destination ports: 6 / 2
-------------------------------------------------------------------------
Offset:              0.864ns (Levels of Logic = 2)
  Source:            M<2> (PAD)
  Destination:       Inst_FSM/p_s (FF)
  Destination Clock: clk rising

  Data Path: M<2> to Inst_FSM/p_s
                                Gate     Net
    Cell:in->out      fanout   Delay   Delay  Logical Name (Net Name)
    ----------------------------------------  ------------
     IBUF:I->O             2   0.001   0.758  M_2_IBUF (M_out_2_OBUF)
     LUT6:I0->O            1   0.097   0.000  Inst_FSM/Mmux_n_s_n_s_MUX_18_o11 (Inst_FSM/n_s)
     FDR:D                     0.008          Inst_FSM/p_s
    ----------------------------------------
    Total                      0.864ns (0.106ns logic, 0.758ns route)
                                       (12.3% logic, 87.7% route)

=========================================================================
Timing constraint: Default OFFSET OUT AFTER for Clock 'clk'
  Total number of paths / destination ports: 1 / 1
-------------------------------------------------------------------------
Offset:              0.734ns (Levels of Logic = 1)
  Source:            Inst_FSM/p_s (FF)
  Destination:       State (PAD)
  Source Clock:      clk rising

  Data Path: Inst_FSM/p_s to State
                                Gate     Net
    Cell:in->out      fanout   Delay   Delay  Logical Name (Net Name)
    ----------------------------------------  ------------
     FDR:C->Q              7   0.361   0.373  Inst_FSM/p_s (Inst_FSM/p_s)
     OBUF:I->O                 0.000          State_OBUF (State)
    ----------------------------------------
    Total                      0.734ns (0.361ns logic, 0.373ns route)
                                       (49.2% logic, 50.8% route)

=========================================================================
Timing constraint: Default path analysis
  Total number of paths / destination ports: 5 / 5
-------------------------------------------------------------------------
Delay:               0.345ns (Levels of Logic = 2)
  Source:            M<2> (PAD)
  Destination:       M_out<2> (PAD)

  Data Path: M<2> to M_out<2>
                                Gate     Net
    Cell:in->out      fanout   Delay   Delay  Logical Name (Net Name)
    ----------------------------------------  ------------
     IBUF:I->O             2   0.001   0.344  M_2_IBUF (M_out_2_OBUF)
     OBUF:I->O                 0.000          M_out_2_OBUF (M_out<2>)
    ----------------------------------------
    Total                      0.345ns (0.001ns logic, 0.344ns route)
                                       (0.3% logic, 99.7% route)

=========================================================================

Cross Clock Domains Report:
--------------------------

Clock to Setup on destination clock clk
---------------+---------+---------+---------+---------+
               | Src:Rise| Src:Fall| Src:Rise| Src:Fall|
Source Clock   |Dest:Rise|Dest:Rise|Dest:Fall|Dest:Fall|
---------------+---------+---------+---------+---------+
clk            |    0.855|         |         |         |
---------------+---------+---------+---------+---------+

=========================================================================


Total REAL time to Xst completion: 35.00 secs
Total CPU time to Xst completion: 35.94 secs
 
--> 

Total memory usage is 5076768 kilobytes

Number of errors   :    0 (   0 filtered)
Number of warnings :    7 (   0 filtered)
Number of infos    :    1 (   0 filtered)

